Renders headless service:
  1: |
    apiVersion: v1
    kind: Service
    metadata:
      annotations:
        app.mintel.com/placeholder: placeholder
      labels:
        app.kubernetes.io/managed-by: Helm
        app.mintel.com/env: local
        app.mintel.com/region: local
        name: test-app
      name: test-app
      namespace: test-namespace
    spec:
      clusterIP: None
      selector: {}
      type: ClusterIP
