Dev S3 module instance workspace output secret with override:
  1: |
    apiVersion: external-secrets.io/v1beta1
    kind: ExternalSecret
    metadata:
      annotations:
        app.mintel.com/placeholder: placeholder
        argocd.argoproj.io/sync-options: SkipDryRunOnMissingResource=true
        argocd.argoproj.io/sync-wave: "-20"
      labels:
        app.mintel.com/env: dev
        app.mintel.com/owner: sre
        app.mintel.com/region: eu-west-1
        name: mntl-test-bucket-s3
      name: mntl-test-bucket-s3
      namespace: test-namespace
    spec:
      data:
        - remoteRef:
            key: test-namespace/mntl-test-bucket/s3
            property: BUCKET_ID
          secretKey: TEST_BUCKET_ID
      refreshInterval: 5m0s
      secretStoreRef:
        kind: SecretStore
        name: aws-secrets-manager-local
      target:
        creationPolicy: Owner
Dev S3 module workspace output secret:
  1: |
    apiVersion: external-secrets.io/v1beta1
    kind: ExternalSecret
    metadata:
      annotations:
        app.mintel.com/placeholder: placeholder
        argocd.argoproj.io/sync-options: SkipDryRunOnMissingResource=true
        argocd.argoproj.io/sync-wave: "-20"
      labels:
        app.mintel.com/env: dev
        app.mintel.com/owner: sre
        app.mintel.com/region: eu-west-1
        name: mntl-test-app-s3
      name: mntl-test-app-s3
      namespace: test-namespace
    spec:
      dataFrom:
        - extract:
            key: test-namespace/mntl-test-app/s3
      refreshInterval: 5m0s
      secretStoreRef:
        kind: SecretStore
        name: aws-secrets-manager-local
      target:
        creationPolicy: Owner
Dev S3 module workspace output secret with override:
  1: |
    apiVersion: external-secrets.io/v1beta1
    kind: ExternalSecret
    metadata:
      annotations:
        app.mintel.com/placeholder: placeholder
        argocd.argoproj.io/sync-options: SkipDryRunOnMissingResource=true
        argocd.argoproj.io/sync-wave: "-20"
      labels:
        app.mintel.com/env: dev
        app.mintel.com/owner: sre
        app.mintel.com/region: eu-west-1
        name: mntl-test-app-s3
      name: mntl-test-app-s3
      namespace: test-namespace
    spec:
      data:
        - remoteRef:
            key: test-namespace/mntl-test-app/s3
            property: BUCKET_ID
          secretKey: TEST_BUCKET_ID
      refreshInterval: 5m0s
      secretStoreRef:
        kind: SecretStore
        name: aws-secrets-manager-local
      target:
        creationPolicy: Owner
