Check custom python otel extraEnv vars are added:
  1: |
    apiVersion: apps/v1
    kind: Deployment
    metadata:
      annotations:
        helm.sh/chart: standard-application-stack-3.62.0
        secret.reloader.stakater.com/reload: test-app-app
      labels:
        app.kubernetes.io/component: app
        app.kubernetes.io/managed-by: Helm
        app.kubernetes.io/name: test-app
        app.mintel.com/env: qa
        app.mintel.com/region: ${CLUSTER_REGION}
        name: test-app
      name: test-app
      namespace: test-namespace
    spec:
      minReadySeconds: 10
      replicas: 2
      selector:
        matchLabels:
          app.kubernetes.io/component: app
          app.kubernetes.io/name: test-app
      strategy:
        rollingUpdate:
          maxSurge: 15%
          maxUnavailable: 10%
        type: RollingUpdate
      template:
        metadata:
          annotations: null
          labels:
            app.kubernetes.io/component: app
            app.kubernetes.io/managed-by: Helm
            app.kubernetes.io/name: test-app
            app.mintel.com/env: qa
            app.mintel.com/region: ${CLUSTER_REGION}
            name: test-app
        spec:
          containers:
            - command:
                - /app/docker-entrypoint.sh
              env:
                - name: KUBERNETES_POD_NAMESPACE
                  valueFrom:
                    fieldRef:
                      fieldPath: metadata.namespace
                - name: APP_ENVIRONMENT
                  value: qa
                - name: RUNTIME_ENVIRONMENT
                  value: kubernetes
                - name: OTEL_TRACES_EXPORTER
                  value: otlp
                - name: OTEL_EXPORTER_OTLP_ENDPOINT
                  value: http://grafana-agent.monitoring.svc.cluster.local:4317
                - name: OTEL_METRICS_EXPORTER
                  value: otlp
                - name: OTEL_SERVICE_NAME
                  value: test-app
                - name: OTEL_RESOURCE_ATTRIBUTES_POD_NAME
                  valueFrom:
                    fieldRef:
                      apiVersion: v1
                      fieldPath: metadata.name
                - name: OTEL_RESOURCE_ATTRIBUTES_NODE_NAME
                  valueFrom:
                    fieldRef:
                      apiVersion: v1
                      fieldPath: spec.nodeName
                - name: OTEL_TRACES_SAMPLER
                  value: parentbased_always_on
                - name: OTEL_RESOURCE_ATTRIBUTES
                  value: service.name=$(OTEL_SERVICE_NAME),k8s.node.name=$(OTEL_RESOURCE_ATTRIBUTES_NODE_NAME),k8s.pod.name=$(OTEL_RESOURCE_ATTRIBUTES_POD_NAME)
                - name: python-specific
                  value: value
                - name: OTEL_PYTHON_EXCLUDED_URLS
                  value: /health[zy]?,/liveness,/ready[z]?,/readiness,/external-health-check,/metrics,/favicon.ico,/static.*
              envFrom:
                - secretRef:
                    name: test-app-app
              image: registry.gitlab.com/test:auto-replaced
              imagePullPolicy: IfNotPresent
              livenessProbe:
                httpGet:
                  path: /healthz
                  port: http
                  scheme: HTTP
                initialDelaySeconds: 0
                periodSeconds: 10
                timeoutSeconds: 1
              name: main
              ports:
                - containerPort: 8000
                  name: http
              readinessProbe:
                httpGet:
                  path: /readiness
                  port: http
                  scheme: HTTP
                initialDelaySeconds: 0
                periodSeconds: 10
                timeoutSeconds: 1
              resources:
                limits: {}
                requests: {}
              startupProbe:
                failureThreshold: 60
                httpGet:
                  path: /healthz
                  port: http
                  scheme: HTTP
                periodSeconds: 5
          imagePullSecrets:
            - name: image-pull-gitlab
            - name: image-pull-docker-hub
          securityContext:
            runAsUser: 1000
          serviceAccountName: test-app
          terminationGracePeriodSeconds: 30
          topologySpreadConstraints:
            - labelSelector:
                matchLabels:
                  app.kubernetes.io/component: app
                  app.kubernetes.io/name: test-app
              maxSkew: 1
              topologyKey: topology.kubernetes.io/zone
              whenUnsatisfiable: DoNotSchedule
          volumes: null
Check custom sampler settings:
  1: |
    apiVersion: apps/v1
    kind: Deployment
    metadata:
      annotations:
        helm.sh/chart: standard-application-stack-3.62.0
        secret.reloader.stakater.com/reload: test-app-app
      labels:
        app.kubernetes.io/component: app
        app.kubernetes.io/managed-by: Helm
        app.kubernetes.io/name: test-app
        app.mintel.com/env: qa
        app.mintel.com/region: ${CLUSTER_REGION}
        name: test-app
      name: test-app
      namespace: test-namespace
    spec:
      minReadySeconds: 10
      replicas: 2
      selector:
        matchLabels:
          app.kubernetes.io/component: app
          app.kubernetes.io/name: test-app
      strategy:
        rollingUpdate:
          maxSurge: 15%
          maxUnavailable: 10%
        type: RollingUpdate
      template:
        metadata:
          annotations: null
          labels:
            app.kubernetes.io/component: app
            app.kubernetes.io/managed-by: Helm
            app.kubernetes.io/name: test-app
            app.mintel.com/env: qa
            app.mintel.com/region: ${CLUSTER_REGION}
            name: test-app
        spec:
          containers:
            - command:
                - /app/docker-entrypoint.sh
              env:
                - name: KUBERNETES_POD_NAMESPACE
                  valueFrom:
                    fieldRef:
                      fieldPath: metadata.namespace
                - name: APP_ENVIRONMENT
                  value: qa
                - name: RUNTIME_ENVIRONMENT
                  value: kubernetes
                - name: OTEL_TRACES_EXPORTER
                  value: otlp
                - name: OTEL_EXPORTER_OTLP_ENDPOINT
                  value: http://grafana-agent.monitoring.svc.cluster.local:4317
                - name: OTEL_METRICS_EXPORTER
                  value: otlp
                - name: OTEL_SERVICE_NAME
                  value: test-app
                - name: OTEL_RESOURCE_ATTRIBUTES_POD_NAME
                  valueFrom:
                    fieldRef:
                      apiVersion: v1
                      fieldPath: metadata.name
                - name: OTEL_RESOURCE_ATTRIBUTES_NODE_NAME
                  valueFrom:
                    fieldRef:
                      apiVersion: v1
                      fieldPath: spec.nodeName
                - name: OTEL_TRACES_SAMPLER
                  value: always_on
                - name: OTEL_TRACES_SAMPLER_ARG
                  value: 0.001
                - name: OTEL_RESOURCE_ATTRIBUTES
                  value: service.name=$(OTEL_SERVICE_NAME),k8s.node.name=$(OTEL_RESOURCE_ATTRIBUTES_NODE_NAME),k8s.pod.name=$(OTEL_RESOURCE_ATTRIBUTES_POD_NAME)
                - name: OTEL_PYTHON_EXCLUDED_URLS
                  value: /health[zy]?,/liveness,/ready[z]?,/readiness,/external-health-check,/metrics,/favicon.ico,/static.*
              envFrom:
                - secretRef:
                    name: test-app-app
              image: registry.gitlab.com/test:auto-replaced
              imagePullPolicy: IfNotPresent
              livenessProbe:
                httpGet:
                  path: /healthz
                  port: http
                  scheme: HTTP
                initialDelaySeconds: 0
                periodSeconds: 10
                timeoutSeconds: 1
              name: main
              ports:
                - containerPort: 8000
                  name: http
              readinessProbe:
                httpGet:
                  path: /readiness
                  port: http
                  scheme: HTTP
                initialDelaySeconds: 0
                periodSeconds: 10
                timeoutSeconds: 1
              resources:
                limits: {}
                requests: {}
              startupProbe:
                failureThreshold: 60
                httpGet:
                  path: /healthz
                  port: http
                  scheme: HTTP
                periodSeconds: 5
          imagePullSecrets:
            - name: image-pull-gitlab
            - name: image-pull-docker-hub
          securityContext:
            runAsUser: 1000
          serviceAccountName: test-app
          terminationGracePeriodSeconds: 30
          topologySpreadConstraints:
            - labelSelector:
                matchLabels:
                  app.kubernetes.io/component: app
                  app.kubernetes.io/name: test-app
              maxSkew: 1
              topologyKey: topology.kubernetes.io/zone
              whenUnsatisfiable: DoNotSchedule
          volumes: null
Check default python otel envars are added:
  1: |
    apiVersion: apps/v1
    kind: Deployment
    metadata:
      annotations:
        helm.sh/chart: standard-application-stack-3.62.0
        secret.reloader.stakater.com/reload: test-app-app
      labels:
        app.kubernetes.io/component: app
        app.kubernetes.io/managed-by: Helm
        app.kubernetes.io/name: test-app
        app.mintel.com/env: qa
        app.mintel.com/region: ${CLUSTER_REGION}
        name: test-app
      name: test-app
      namespace: test-namespace
    spec:
      minReadySeconds: 10
      replicas: 2
      selector:
        matchLabels:
          app.kubernetes.io/component: app
          app.kubernetes.io/name: test-app
      strategy:
        rollingUpdate:
          maxSurge: 15%
          maxUnavailable: 10%
        type: RollingUpdate
      template:
        metadata:
          annotations: null
          labels:
            app.kubernetes.io/component: app
            app.kubernetes.io/managed-by: Helm
            app.kubernetes.io/name: test-app
            app.mintel.com/env: qa
            app.mintel.com/region: ${CLUSTER_REGION}
            name: test-app
        spec:
          containers:
            - command:
                - /app/docker-entrypoint.sh
              env:
                - name: KUBERNETES_POD_NAMESPACE
                  valueFrom:
                    fieldRef:
                      fieldPath: metadata.namespace
                - name: APP_ENVIRONMENT
                  value: qa
                - name: RUNTIME_ENVIRONMENT
                  value: kubernetes
                - name: OTEL_TRACES_EXPORTER
                  value: otlp
                - name: OTEL_EXPORTER_OTLP_ENDPOINT
                  value: http://grafana-agent.monitoring.svc.cluster.local:4317
                - name: OTEL_METRICS_EXPORTER
                  value: otlp
                - name: OTEL_SERVICE_NAME
                  value: test-app
                - name: OTEL_RESOURCE_ATTRIBUTES_POD_NAME
                  valueFrom:
                    fieldRef:
                      apiVersion: v1
                      fieldPath: metadata.name
                - name: OTEL_RESOURCE_ATTRIBUTES_NODE_NAME
                  valueFrom:
                    fieldRef:
                      apiVersion: v1
                      fieldPath: spec.nodeName
                - name: OTEL_TRACES_SAMPLER
                  value: parentbased_always_on
                - name: OTEL_RESOURCE_ATTRIBUTES
                  value: service.name=$(OTEL_SERVICE_NAME),k8s.node.name=$(OTEL_RESOURCE_ATTRIBUTES_NODE_NAME),k8s.pod.name=$(OTEL_RESOURCE_ATTRIBUTES_POD_NAME)
                - name: OTEL_PYTHON_EXCLUDED_URLS
                  value: /health[zy]?,/liveness,/ready[z]?,/readiness,/external-health-check,/metrics,/favicon.ico,/static.*
              envFrom:
                - secretRef:
                    name: test-app-app
              image: registry.gitlab.com/test:auto-replaced
              imagePullPolicy: IfNotPresent
              livenessProbe:
                httpGet:
                  path: /healthz
                  port: http
                  scheme: HTTP
                initialDelaySeconds: 0
                periodSeconds: 10
                timeoutSeconds: 1
              name: main
              ports:
                - containerPort: 8000
                  name: http
              readinessProbe:
                httpGet:
                  path: /readiness
                  port: http
                  scheme: HTTP
                initialDelaySeconds: 0
                periodSeconds: 10
                timeoutSeconds: 1
              resources:
                limits: {}
                requests: {}
              startupProbe:
                failureThreshold: 60
                httpGet:
                  path: /healthz
                  port: http
                  scheme: HTTP
                periodSeconds: 5
          imagePullSecrets:
            - name: image-pull-gitlab
            - name: image-pull-docker-hub
          securityContext:
            runAsUser: 1000
          serviceAccountName: test-app
          terminationGracePeriodSeconds: 30
          topologySpreadConstraints:
            - labelSelector:
                matchLabels:
                  app.kubernetes.io/component: app
                  app.kubernetes.io/name: test-app
              maxSkew: 1
              topologyKey: topology.kubernetes.io/zone
              whenUnsatisfiable: DoNotSchedule
          volumes: null
Check global otel extraEnv vars are added:
  1: |
    apiVersion: apps/v1
    kind: Deployment
    metadata:
      annotations:
        helm.sh/chart: standard-application-stack-3.62.0
        secret.reloader.stakater.com/reload: test-app-app
      labels:
        app.kubernetes.io/component: app
        app.kubernetes.io/managed-by: Helm
        app.kubernetes.io/name: test-app
        app.mintel.com/env: qa
        app.mintel.com/region: ${CLUSTER_REGION}
        name: test-app
      name: test-app
      namespace: test-namespace
    spec:
      minReadySeconds: 10
      replicas: 2
      selector:
        matchLabels:
          app.kubernetes.io/component: app
          app.kubernetes.io/name: test-app
      strategy:
        rollingUpdate:
          maxSurge: 15%
          maxUnavailable: 10%
        type: RollingUpdate
      template:
        metadata:
          annotations: null
          labels:
            app.kubernetes.io/component: app
            app.kubernetes.io/managed-by: Helm
            app.kubernetes.io/name: test-app
            app.mintel.com/env: qa
            app.mintel.com/region: ${CLUSTER_REGION}
            name: test-app
        spec:
          containers:
            - command:
                - /app/docker-entrypoint.sh
              env:
                - name: KUBERNETES_POD_NAMESPACE
                  valueFrom:
                    fieldRef:
                      fieldPath: metadata.namespace
                - name: APP_ENVIRONMENT
                  value: qa
                - name: RUNTIME_ENVIRONMENT
                  value: kubernetes
                - name: OTEL_TRACES_EXPORTER
                  value: otlp
                - name: OTEL_EXPORTER_OTLP_ENDPOINT
                  value: http://grafana-agent.monitoring.svc.cluster.local:4317
                - name: OTEL_METRICS_EXPORTER
                  value: otlp
                - name: OTEL_SERVICE_NAME
                  value: test-app
                - name: OTEL_RESOURCE_ATTRIBUTES_POD_NAME
                  valueFrom:
                    fieldRef:
                      apiVersion: v1
                      fieldPath: metadata.name
                - name: OTEL_RESOURCE_ATTRIBUTES_NODE_NAME
                  valueFrom:
                    fieldRef:
                      apiVersion: v1
                      fieldPath: spec.nodeName
                - name: OTEL_TRACES_SAMPLER
                  value: parentbased_always_on
                - name: OTEL_RESOURCE_ATTRIBUTES
                  value: service.name=$(OTEL_SERVICE_NAME),k8s.node.name=$(OTEL_RESOURCE_ATTRIBUTES_NODE_NAME),k8s.pod.name=$(OTEL_RESOURCE_ATTRIBUTES_POD_NAME)
                - name: otel-global
                  value: value
                - name: OTEL_PYTHON_EXCLUDED_URLS
                  value: /health[zy]?,/liveness,/ready[z]?,/readiness,/external-health-check,/metrics,/favicon.ico,/static.*
              envFrom:
                - secretRef:
                    name: test-app-app
              image: registry.gitlab.com/test:auto-replaced
              imagePullPolicy: IfNotPresent
              livenessProbe:
                httpGet:
                  path: /healthz
                  port: http
                  scheme: HTTP
                initialDelaySeconds: 0
                periodSeconds: 10
                timeoutSeconds: 1
              name: main
              ports:
                - containerPort: 8000
                  name: http
              readinessProbe:
                httpGet:
                  path: /readiness
                  port: http
                  scheme: HTTP
                initialDelaySeconds: 0
                periodSeconds: 10
                timeoutSeconds: 1
              resources:
                limits: {}
                requests: {}
              startupProbe:
                failureThreshold: 60
                httpGet:
                  path: /healthz
                  port: http
                  scheme: HTTP
                periodSeconds: 5
          imagePullSecrets:
            - name: image-pull-gitlab
            - name: image-pull-docker-hub
          securityContext:
            runAsUser: 1000
          serviceAccountName: test-app
          terminationGracePeriodSeconds: 30
          topologySpreadConstraints:
            - labelSelector:
                matchLabels:
                  app.kubernetes.io/component: app
                  app.kubernetes.io/name: test-app
              maxSkew: 1
              topologyKey: topology.kubernetes.io/zone
              whenUnsatisfiable: DoNotSchedule
          volumes: null
