Check AWS ALB lifecycle rule applied:
  1: |
    apiVersion: apps/v1
    kind: Deployment
    metadata:
      annotations:
        app.mintel.com/placeholder: placeholder
        secret.reloader.stakater.com/reload: example-app-app
      labels:
        app.kubernetes.io/component: app
        app.kubernetes.io/managed-by: Helm
        app.kubernetes.io/name: example-app
        app.mintel.com/env: qa
        app.mintel.com/region: ${CLUSTER_REGION}
        name: example-app
        tier: frontend
      name: example-app
      namespace: test-namespace
    spec:
      minReadySeconds: 10
      replicas: 2
      selector:
        matchLabels:
          app.kubernetes.io/component: app
          app.kubernetes.io/name: example-app
      strategy:
        rollingUpdate:
          maxSurge: 15%
          maxUnavailable: 10%
        type: RollingUpdate
      template:
        metadata:
          annotations: null
          labels:
            app.kubernetes.io/component: app
            app.kubernetes.io/managed-by: Helm
            app.kubernetes.io/name: example-app
            app.mintel.com/env: qa
            app.mintel.com/region: ${CLUSTER_REGION}
            name: example-app
            tier: frontend
        spec:
          containers:
            - command:
                - /app/docker-entrypoint.sh
              env:
                - name: KUBERNETES_POD_NAMESPACE
                  valueFrom:
                    fieldRef:
                      fieldPath: metadata.namespace
                - name: APP_ENVIRONMENT
                  value: qa
                - name: RUNTIME_ENVIRONMENT
                  value: kubernetes
                - name: USE_SSL
                  value: "1"
                - name: EXTRA_ALLOWED_HOSTS
                  value: null
              envFrom:
                - secretRef:
                    name: example-app-app
              image: registry.gitlab.com/test:v0.1.0
              imagePullPolicy: IfNotPresent
              lifecycle:
                preStop:
                  exec:
                    command:
                      - /bin/sh
                      - -c
                      - echo 'Called preStop hook with 15s delay' > /proc/1/fd/1 ; sleep 15 ; echo 'Completed preStop hook'
              livenessProbe:
                httpGet:
                  path: /healthz
                  port: http
                  scheme: HTTP
                initialDelaySeconds: 0
                periodSeconds: 10
                timeoutSeconds: 1
              name: main
              ports:
                - containerPort: 8000
                  name: http
              readinessProbe:
                httpGet:
                  path: /readiness
                  port: http
                  scheme: HTTP
                initialDelaySeconds: 0
                periodSeconds: 10
                timeoutSeconds: 1
              resources:
                limits: {}
                requests: {}
              securityContext:
                apparmorProfile: unconfined
                seccompProfile: null
              startupProbe:
                failureThreshold: 60
                httpGet:
                  path: /healthz
                  port: http
                  scheme: HTTP
                periodSeconds: 5
          imagePullSecrets:
            - name: image-pull-gitlab
            - name: image-pull-docker-hub
          securityContext:
            runAsUser: 1000
          serviceAccountName: example-app
          terminationGracePeriodSeconds: 30
          topologySpreadConstraints:
            - labelSelector:
                matchLabels:
                  app.kubernetes.io/component: app
                  app.kubernetes.io/name: example-app
              maxSkew: 1
              topologyKey: topology.kubernetes.io/zone
              whenUnsatisfiable: DoNotSchedule
Check AWS ALB lifecycle rules applied with custom delay:
  1: |
    apiVersion: apps/v1
    kind: Deployment
    metadata:
      annotations:
        app.mintel.com/placeholder: placeholder
        secret.reloader.stakater.com/reload: example-app-app
      labels:
        app.kubernetes.io/component: app
        app.kubernetes.io/managed-by: Helm
        app.kubernetes.io/name: example-app
        app.mintel.com/env: qa
        app.mintel.com/region: ${CLUSTER_REGION}
        name: example-app
        tier: frontend
      name: example-app
      namespace: test-namespace
    spec:
      minReadySeconds: 10
      replicas: 2
      selector:
        matchLabels:
          app.kubernetes.io/component: app
          app.kubernetes.io/name: example-app
      strategy:
        rollingUpdate:
          maxSurge: 15%
          maxUnavailable: 10%
        type: RollingUpdate
      template:
        metadata:
          annotations: null
          labels:
            app.kubernetes.io/component: app
            app.kubernetes.io/managed-by: Helm
            app.kubernetes.io/name: example-app
            app.mintel.com/env: qa
            app.mintel.com/region: ${CLUSTER_REGION}
            name: example-app
            tier: frontend
        spec:
          containers:
            - command:
                - /app/docker-entrypoint.sh
              env:
                - name: KUBERNETES_POD_NAMESPACE
                  valueFrom:
                    fieldRef:
                      fieldPath: metadata.namespace
                - name: APP_ENVIRONMENT
                  value: qa
                - name: RUNTIME_ENVIRONMENT
                  value: kubernetes
                - name: USE_SSL
                  value: "1"
                - name: EXTRA_ALLOWED_HOSTS
                  value: null
              envFrom:
                - secretRef:
                    name: example-app-app
              image: registry.gitlab.com/test:v0.1.0
              imagePullPolicy: IfNotPresent
              lifecycle:
                preStop:
                  exec:
                    command:
                      - /bin/sh
                      - -c
                      - echo 'Called preStop hook with 20s delay' > /proc/1/fd/1 ; sleep 20 ; echo 'Completed preStop hook'
              livenessProbe:
                httpGet:
                  path: /healthz
                  port: http
                  scheme: HTTP
                initialDelaySeconds: 0
                periodSeconds: 10
                timeoutSeconds: 1
              name: main
              ports:
                - containerPort: 8000
                  name: http
              readinessProbe:
                httpGet:
                  path: /readiness
                  port: http
                  scheme: HTTP
                initialDelaySeconds: 0
                periodSeconds: 10
                timeoutSeconds: 1
              resources:
                limits: {}
                requests: {}
              securityContext:
                apparmorProfile: unconfined
                seccompProfile: null
              startupProbe:
                failureThreshold: 60
                httpGet:
                  path: /healthz
                  port: http
                  scheme: HTTP
                periodSeconds: 5
          imagePullSecrets:
            - name: image-pull-gitlab
            - name: image-pull-docker-hub
          securityContext:
            runAsUser: 1000
          serviceAccountName: example-app
          terminationGracePeriodSeconds: 30
          topologySpreadConstraints:
            - labelSelector:
                matchLabels:
                  app.kubernetes.io/component: app
                  app.kubernetes.io/name: example-app
              maxSkew: 1
              topologyKey: topology.kubernetes.io/zone
              whenUnsatisfiable: DoNotSchedule
Check AWS ALB lifecycle rules are not applied when ALB disabled:
  1: |
    apiVersion: apps/v1
    kind: Deployment
    metadata:
      annotations:
        app.mintel.com/placeholder: placeholder
        secret.reloader.stakater.com/reload: example-app-app
      labels:
        app.kubernetes.io/component: app
        app.kubernetes.io/managed-by: Helm
        app.kubernetes.io/name: example-app
        app.mintel.com/env: qa
        app.mintel.com/region: ${CLUSTER_REGION}
        name: example-app
        tier: frontend
      name: example-app
      namespace: test-namespace
    spec:
      minReadySeconds: 10
      replicas: 2
      selector:
        matchLabels:
          app.kubernetes.io/component: app
          app.kubernetes.io/name: example-app
      strategy:
        rollingUpdate:
          maxSurge: 15%
          maxUnavailable: 10%
        type: RollingUpdate
      template:
        metadata:
          annotations: null
          labels:
            app.kubernetes.io/component: app
            app.kubernetes.io/managed-by: Helm
            app.kubernetes.io/name: example-app
            app.mintel.com/env: qa
            app.mintel.com/region: ${CLUSTER_REGION}
            name: example-app
            tier: frontend
        spec:
          containers:
            - command:
                - /app/docker-entrypoint.sh
              env:
                - name: KUBERNETES_POD_NAMESPACE
                  valueFrom:
                    fieldRef:
                      fieldPath: metadata.namespace
                - name: APP_ENVIRONMENT
                  value: qa
                - name: RUNTIME_ENVIRONMENT
                  value: kubernetes
                - name: USE_SSL
                  value: "1"
                - name: EXTRA_ALLOWED_HOSTS
                  value: null
              envFrom:
                - secretRef:
                    name: example-app-app
              image: registry.gitlab.com/test:v0.1.0
              imagePullPolicy: IfNotPresent
              livenessProbe:
                httpGet:
                  path: /healthz
                  port: http
                  scheme: HTTP
                initialDelaySeconds: 0
                periodSeconds: 10
                timeoutSeconds: 1
              name: main
              ports:
                - containerPort: 8000
                  name: http
              readinessProbe:
                httpGet:
                  path: /readiness
                  port: http
                  scheme: HTTP
                initialDelaySeconds: 0
                periodSeconds: 10
                timeoutSeconds: 1
              resources:
                limits: {}
                requests: {}
              securityContext:
                apparmorProfile: unconfined
                seccompProfile: null
              startupProbe:
                failureThreshold: 60
                httpGet:
                  path: /healthz
                  port: http
                  scheme: HTTP
                periodSeconds: 5
          imagePullSecrets:
            - name: image-pull-gitlab
            - name: image-pull-docker-hub
          securityContext:
            runAsUser: 1000
          serviceAccountName: example-app
          terminationGracePeriodSeconds: 30
          topologySpreadConstraints:
            - labelSelector:
                matchLabels:
                  app.kubernetes.io/component: app
                  app.kubernetes.io/name: example-app
              maxSkew: 1
              topologyKey: topology.kubernetes.io/zone
              whenUnsatisfiable: DoNotSchedule
Check AWS ALB lifecycle rules are not applied when ALB enabled (but Ingress disabled):
  1: |
    apiVersion: apps/v1
    kind: Deployment
    metadata:
      annotations:
        app.mintel.com/placeholder: placeholder
        secret.reloader.stakater.com/reload: example-app-app
      labels:
        app.kubernetes.io/component: app
        app.kubernetes.io/managed-by: Helm
        app.kubernetes.io/name: example-app
        app.mintel.com/env: qa
        app.mintel.com/region: ${CLUSTER_REGION}
        name: example-app
      name: example-app
      namespace: test-namespace
    spec:
      minReadySeconds: 10
      replicas: 2
      selector:
        matchLabels:
          app.kubernetes.io/component: app
          app.kubernetes.io/name: example-app
      strategy:
        rollingUpdate:
          maxSurge: 15%
          maxUnavailable: 10%
        type: RollingUpdate
      template:
        metadata:
          annotations: null
          labels:
            app.kubernetes.io/component: app
            app.kubernetes.io/managed-by: Helm
            app.kubernetes.io/name: example-app
            app.mintel.com/env: qa
            app.mintel.com/region: ${CLUSTER_REGION}
            name: example-app
        spec:
          containers:
            - command:
                - /app/docker-entrypoint.sh
              env:
                - name: KUBERNETES_POD_NAMESPACE
                  valueFrom:
                    fieldRef:
                      fieldPath: metadata.namespace
                - name: APP_ENVIRONMENT
                  value: qa
                - name: RUNTIME_ENVIRONMENT
                  value: kubernetes
              envFrom:
                - secretRef:
                    name: example-app-app
              image: registry.gitlab.com/test:v0.1.0
              imagePullPolicy: IfNotPresent
              livenessProbe:
                httpGet:
                  path: /healthz
                  port: http
                  scheme: HTTP
                initialDelaySeconds: 0
                periodSeconds: 10
                timeoutSeconds: 1
              name: main
              ports:
                - containerPort: 8000
                  name: http
              readinessProbe:
                httpGet:
                  path: /readiness
                  port: http
                  scheme: HTTP
                initialDelaySeconds: 0
                periodSeconds: 10
                timeoutSeconds: 1
              resources:
                limits: {}
                requests: {}
              securityContext:
                apparmorProfile: unconfined
                seccompProfile: null
              startupProbe:
                failureThreshold: 60
                httpGet:
                  path: /healthz
                  port: http
                  scheme: HTTP
                periodSeconds: 5
          imagePullSecrets:
            - name: image-pull-gitlab
            - name: image-pull-docker-hub
          securityContext:
            runAsUser: 1000
          serviceAccountName: example-app
          terminationGracePeriodSeconds: 30
          topologySpreadConstraints:
            - labelSelector:
                matchLabels:
                  app.kubernetes.io/component: app
                  app.kubernetes.io/name: example-app
              maxSkew: 1
              topologyKey: topology.kubernetes.io/zone
              whenUnsatisfiable: DoNotSchedule
Check lifecycle rules:
  1: |
    apiVersion: apps/v1
    kind: Deployment
    metadata:
      annotations:
        app.mintel.com/placeholder: placeholder
        secret.reloader.stakater.com/reload: example-app-app
      labels:
        app.kubernetes.io/component: app
        app.kubernetes.io/managed-by: Helm
        app.kubernetes.io/name: example-app
        app.mintel.com/env: qa
        app.mintel.com/region: ${CLUSTER_REGION}
        name: example-app
      name: example-app
      namespace: test-namespace
    spec:
      minReadySeconds: 10
      replicas: 2
      selector:
        matchLabels:
          app.kubernetes.io/component: app
          app.kubernetes.io/name: example-app
      strategy:
        rollingUpdate:
          maxSurge: 15%
          maxUnavailable: 10%
        type: RollingUpdate
      template:
        metadata:
          annotations: null
          labels:
            app.kubernetes.io/component: app
            app.kubernetes.io/managed-by: Helm
            app.kubernetes.io/name: example-app
            app.mintel.com/env: qa
            app.mintel.com/region: ${CLUSTER_REGION}
            name: example-app
        spec:
          containers:
            - command:
                - /app/docker-entrypoint.sh
              env:
                - name: KUBERNETES_POD_NAMESPACE
                  valueFrom:
                    fieldRef:
                      fieldPath: metadata.namespace
                - name: APP_ENVIRONMENT
                  value: qa
                - name: RUNTIME_ENVIRONMENT
                  value: kubernetes
              envFrom:
                - secretRef:
                    name: example-app-app
              image: registry.gitlab.com/test:v0.1.0
              imagePullPolicy: IfNotPresent
              lifecycle:
                preStop:
                  exec:
                    command:
                      - hello world
              livenessProbe:
                httpGet:
                  path: /healthz
                  port: http
                  scheme: HTTP
                initialDelaySeconds: 0
                periodSeconds: 10
                timeoutSeconds: 1
              name: main
              ports:
                - containerPort: 8000
                  name: http
              readinessProbe:
                httpGet:
                  path: /readiness
                  port: http
                  scheme: HTTP
                initialDelaySeconds: 0
                periodSeconds: 10
                timeoutSeconds: 1
              resources:
                limits: {}
                requests: {}
              securityContext:
                apparmorProfile: unconfined
                seccompProfile: null
              startupProbe:
                failureThreshold: 60
                httpGet:
                  path: /healthz
                  port: http
                  scheme: HTTP
                periodSeconds: 5
          imagePullSecrets:
            - name: image-pull-gitlab
            - name: image-pull-docker-hub
          securityContext:
            runAsUser: 1000
          serviceAccountName: example-app
          terminationGracePeriodSeconds: 30
          topologySpreadConstraints:
            - labelSelector:
                matchLabels:
                  app.kubernetes.io/component: app
                  app.kubernetes.io/name: example-app
              maxSkew: 1
              topologyKey: topology.kubernetes.io/zone
              whenUnsatisfiable: DoNotSchedule
