adds the .NET injection annotation to the Deployment:
  1: |
    apiVersion: opentelemetry.io/v1alpha1
    kind: Instrumentation
    metadata:
      annotations:
        argocd.argoproj.io/sync-options: SkipDryRunOnMissingResource=true
        argocd.argoproj.io/sync-wave: "-20"
      labels:
        app.kubernetes.io/component: app
        app.kubernetes.io/managed-by: Helm
        app.kubernetes.io/name: example-app
        app.mintel.com/env: qa
        app.mintel.com/region: ${CLUSTER_REGION}
        name: example-app
      name: example-app
      namespace: test-namespace
    spec:
      dotnet:
        env:
          - name: OTEL_ENV_VAR
            value: mock-env-var-value
      exporter:
        endpoint: http://grafana-agent.monitoring.svc.cluster.local:4317
      resource:
        resourceAttributes:
          cloud.platform: aws_eks
          cloud.provider: aws
          deployment.environment: qa
          service.name: example-app
          service.namespace: test-namespace
      sampler:
        type: parentbased_always_on
  2: |
    apiVersion: apps/v1
    kind: Deployment
    metadata:
      annotations:
        helm.sh/chart: standard-application-stack-3.61.3
        secret.reloader.stakater.com/reload: example-app-app
      labels:
        app.kubernetes.io/component: app
        app.kubernetes.io/managed-by: Helm
        app.kubernetes.io/name: example-app
        app.mintel.com/env: qa
        app.mintel.com/region: ${CLUSTER_REGION}
        name: example-app
      name: example-app
      namespace: test-namespace
    spec:
      minReadySeconds: 10
      replicas: 2
      selector:
        matchLabels:
          app.kubernetes.io/component: app
          app.kubernetes.io/name: example-app
      strategy:
        rollingUpdate:
          maxSurge: 15%
          maxUnavailable: 10%
        type: RollingUpdate
      template:
        metadata:
          annotations:
            instrumentation.opentelemetry.io/inject-dotnet: test-namespace/example-app
          labels:
            app.kubernetes.io/component: app
            app.kubernetes.io/managed-by: Helm
            app.kubernetes.io/name: example-app
            app.mintel.com/env: qa
            app.mintel.com/region: ${CLUSTER_REGION}
            name: example-app
        spec:
          containers:
            - command:
                - /app/docker-entrypoint.sh
              env:
                - name: KUBERNETES_POD_NAMESPACE
                  valueFrom:
                    fieldRef:
                      fieldPath: metadata.namespace
                - name: APP_ENVIRONMENT
                  value: qa
                - name: RUNTIME_ENVIRONMENT
                  value: kubernetes
              envFrom:
                - secretRef:
                    name: example-app-app
              image: registry.gitlab.com/test:auto-replaced
              imagePullPolicy: IfNotPresent
              livenessProbe:
                httpGet:
                  path: /healthz
                  port: http
                  scheme: HTTP
                initialDelaySeconds: 0
                periodSeconds: 10
                timeoutSeconds: 1
              name: main
              ports:
                - containerPort: 8000
                  name: http
              readinessProbe:
                httpGet:
                  path: /readiness
                  port: http
                  scheme: HTTP
                initialDelaySeconds: 0
                periodSeconds: 10
                timeoutSeconds: 1
              resources:
                limits: {}
                requests: {}
              startupProbe:
                failureThreshold: 60
                httpGet:
                  path: /healthz
                  port: http
                  scheme: HTTP
                periodSeconds: 5
          imagePullSecrets:
            - name: image-pull-gitlab
            - name: image-pull-docker-hub
          securityContext:
            runAsUser: 1000
          serviceAccountName: example-app
          terminationGracePeriodSeconds: 30
          topologySpreadConstraints:
            - labelSelector:
                matchLabels:
                  app.kubernetes.io/component: app
                  app.kubernetes.io/name: example-app
              maxSkew: 1
              topologyKey: topology.kubernetes.io/zone
              whenUnsatisfiable: DoNotSchedule
          volumes: null
adds the Java injection annotation to the Deployment:
  1: |
    apiVersion: opentelemetry.io/v1alpha1
    kind: Instrumentation
    metadata:
      annotations:
        argocd.argoproj.io/sync-options: SkipDryRunOnMissingResource=true
        argocd.argoproj.io/sync-wave: "-20"
      labels:
        app.kubernetes.io/component: app
        app.kubernetes.io/managed-by: Helm
        app.kubernetes.io/name: example-app
        app.mintel.com/env: qa
        app.mintel.com/region: ${CLUSTER_REGION}
        name: example-app
      name: example-app
      namespace: test-namespace
    spec:
      exporter:
        endpoint: http://grafana-agent.monitoring.svc.cluster.local:4317
      java:
        env:
          - name: OTEL_ENV_VAR
            value: mock-env-var-value
      resource:
        resourceAttributes:
          cloud.platform: aws_eks
          cloud.provider: aws
          deployment.environment: qa
          service.name: example-app
          service.namespace: test-namespace
      sampler:
        type: parentbased_always_on
  2: |
    apiVersion: apps/v1
    kind: Deployment
    metadata:
      annotations:
        helm.sh/chart: standard-application-stack-3.61.3
        secret.reloader.stakater.com/reload: example-app-app
      labels:
        app.kubernetes.io/component: app
        app.kubernetes.io/managed-by: Helm
        app.kubernetes.io/name: example-app
        app.mintel.com/env: qa
        app.mintel.com/region: ${CLUSTER_REGION}
        name: example-app
      name: example-app
      namespace: test-namespace
    spec:
      minReadySeconds: 10
      replicas: 2
      selector:
        matchLabels:
          app.kubernetes.io/component: app
          app.kubernetes.io/name: example-app
      strategy:
        rollingUpdate:
          maxSurge: 15%
          maxUnavailable: 10%
        type: RollingUpdate
      template:
        metadata:
          annotations:
            instrumentation.opentelemetry.io/inject-java: test-namespace/example-app
          labels:
            app.kubernetes.io/component: app
            app.kubernetes.io/managed-by: Helm
            app.kubernetes.io/name: example-app
            app.mintel.com/env: qa
            app.mintel.com/region: ${CLUSTER_REGION}
            name: example-app
        spec:
          containers:
            - command:
                - /app/docker-entrypoint.sh
              env:
                - name: KUBERNETES_POD_NAMESPACE
                  valueFrom:
                    fieldRef:
                      fieldPath: metadata.namespace
                - name: APP_ENVIRONMENT
                  value: qa
                - name: RUNTIME_ENVIRONMENT
                  value: kubernetes
              envFrom:
                - secretRef:
                    name: example-app-app
              image: registry.gitlab.com/test:auto-replaced
              imagePullPolicy: IfNotPresent
              livenessProbe:
                httpGet:
                  path: /healthz
                  port: http
                  scheme: HTTP
                initialDelaySeconds: 0
                periodSeconds: 10
                timeoutSeconds: 1
              name: main
              ports:
                - containerPort: 8000
                  name: http
              readinessProbe:
                httpGet:
                  path: /readiness
                  port: http
                  scheme: HTTP
                initialDelaySeconds: 0
                periodSeconds: 10
                timeoutSeconds: 1
              resources:
                limits: {}
                requests: {}
              startupProbe:
                failureThreshold: 60
                httpGet:
                  path: /healthz
                  port: http
                  scheme: HTTP
                periodSeconds: 5
          imagePullSecrets:
            - name: image-pull-gitlab
            - name: image-pull-docker-hub
          securityContext:
            runAsUser: 1000
          serviceAccountName: example-app
          terminationGracePeriodSeconds: 30
          topologySpreadConstraints:
            - labelSelector:
                matchLabels:
                  app.kubernetes.io/component: app
                  app.kubernetes.io/name: example-app
              maxSkew: 1
              topologyKey: topology.kubernetes.io/zone
              whenUnsatisfiable: DoNotSchedule
          volumes: null
adds the NodeJS injection annotation to the Deployment:
  1: |
    apiVersion: opentelemetry.io/v1alpha1
    kind: Instrumentation
    metadata:
      annotations:
        argocd.argoproj.io/sync-options: SkipDryRunOnMissingResource=true
        argocd.argoproj.io/sync-wave: "-20"
      labels:
        app.kubernetes.io/component: app
        app.kubernetes.io/managed-by: Helm
        app.kubernetes.io/name: example-app
        app.mintel.com/env: qa
        app.mintel.com/region: ${CLUSTER_REGION}
        name: example-app
      name: example-app
      namespace: test-namespace
    spec:
      exporter:
        endpoint: http://grafana-agent.monitoring.svc.cluster.local:4317
      nodejs:
        env:
          - name: OTEL_ENV_VAR
            value: mock-env-var-value
      resource:
        resourceAttributes:
          cloud.platform: aws_eks
          cloud.provider: aws
          deployment.environment: qa
          service.name: example-app
          service.namespace: test-namespace
      sampler:
        type: parentbased_always_on
  2: |
    apiVersion: apps/v1
    kind: Deployment
    metadata:
      annotations:
        helm.sh/chart: standard-application-stack-3.61.3
        secret.reloader.stakater.com/reload: example-app-app
      labels:
        app.kubernetes.io/component: app
        app.kubernetes.io/managed-by: Helm
        app.kubernetes.io/name: example-app
        app.mintel.com/env: qa
        app.mintel.com/region: ${CLUSTER_REGION}
        name: example-app
      name: example-app
      namespace: test-namespace
    spec:
      minReadySeconds: 10
      replicas: 2
      selector:
        matchLabels:
          app.kubernetes.io/component: app
          app.kubernetes.io/name: example-app
      strategy:
        rollingUpdate:
          maxSurge: 15%
          maxUnavailable: 10%
        type: RollingUpdate
      template:
        metadata:
          annotations:
            instrumentation.opentelemetry.io/inject-nodejs: test-namespace/example-app
          labels:
            app.kubernetes.io/component: app
            app.kubernetes.io/managed-by: Helm
            app.kubernetes.io/name: example-app
            app.mintel.com/env: qa
            app.mintel.com/region: ${CLUSTER_REGION}
            name: example-app
        spec:
          containers:
            - command:
                - /app/docker-entrypoint.sh
              env:
                - name: KUBERNETES_POD_NAMESPACE
                  valueFrom:
                    fieldRef:
                      fieldPath: metadata.namespace
                - name: APP_ENVIRONMENT
                  value: qa
                - name: RUNTIME_ENVIRONMENT
                  value: kubernetes
              envFrom:
                - secretRef:
                    name: example-app-app
              image: registry.gitlab.com/test:auto-replaced
              imagePullPolicy: IfNotPresent
              livenessProbe:
                httpGet:
                  path: /healthz
                  port: http
                  scheme: HTTP
                initialDelaySeconds: 0
                periodSeconds: 10
                timeoutSeconds: 1
              name: main
              ports:
                - containerPort: 8000
                  name: http
              readinessProbe:
                httpGet:
                  path: /readiness
                  port: http
                  scheme: HTTP
                initialDelaySeconds: 0
                periodSeconds: 10
                timeoutSeconds: 1
              resources:
                limits: {}
                requests: {}
              startupProbe:
                failureThreshold: 60
                httpGet:
                  path: /healthz
                  port: http
                  scheme: HTTP
                periodSeconds: 5
          imagePullSecrets:
            - name: image-pull-gitlab
            - name: image-pull-docker-hub
          securityContext:
            runAsUser: 1000
          serviceAccountName: example-app
          terminationGracePeriodSeconds: 30
          topologySpreadConstraints:
            - labelSelector:
                matchLabels:
                  app.kubernetes.io/component: app
                  app.kubernetes.io/name: example-app
              maxSkew: 1
              topologyKey: topology.kubernetes.io/zone
              whenUnsatisfiable: DoNotSchedule
          volumes: null
adds the Python injection annotation to the Deployment:
  1: |
    apiVersion: opentelemetry.io/v1alpha1
    kind: Instrumentation
    metadata:
      annotations:
        argocd.argoproj.io/sync-options: SkipDryRunOnMissingResource=true
        argocd.argoproj.io/sync-wave: "-20"
      labels:
        app.kubernetes.io/component: app
        app.kubernetes.io/managed-by: Helm
        app.kubernetes.io/name: example-app
        app.mintel.com/env: qa
        app.mintel.com/region: ${CLUSTER_REGION}
        name: example-app
      name: example-app
      namespace: test-namespace
    spec:
      exporter:
        endpoint: http://grafana-agent.monitoring.svc.cluster.local:4317
      python:
        env:
          - name: OTEL_ENV_VAR
            value: mock-env-var-value
      resource:
        resourceAttributes:
          cloud.platform: aws_eks
          cloud.provider: aws
          deployment.environment: qa
          service.name: example-app
          service.namespace: test-namespace
      sampler:
        type: parentbased_always_on
  2: |
    apiVersion: apps/v1
    kind: Deployment
    metadata:
      annotations:
        helm.sh/chart: standard-application-stack-3.61.3
        secret.reloader.stakater.com/reload: example-app-app
      labels:
        app.kubernetes.io/component: app
        app.kubernetes.io/managed-by: Helm
        app.kubernetes.io/name: example-app
        app.mintel.com/env: qa
        app.mintel.com/region: ${CLUSTER_REGION}
        name: example-app
      name: example-app
      namespace: test-namespace
    spec:
      minReadySeconds: 10
      replicas: 2
      selector:
        matchLabels:
          app.kubernetes.io/component: app
          app.kubernetes.io/name: example-app
      strategy:
        rollingUpdate:
          maxSurge: 15%
          maxUnavailable: 10%
        type: RollingUpdate
      template:
        metadata:
          annotations:
            instrumentation.opentelemetry.io/inject-python: test-namespace/example-app
          labels:
            app.kubernetes.io/component: app
            app.kubernetes.io/managed-by: Helm
            app.kubernetes.io/name: example-app
            app.mintel.com/env: qa
            app.mintel.com/region: ${CLUSTER_REGION}
            name: example-app
        spec:
          containers:
            - command:
                - /app/docker-entrypoint.sh
              env:
                - name: KUBERNETES_POD_NAMESPACE
                  valueFrom:
                    fieldRef:
                      fieldPath: metadata.namespace
                - name: APP_ENVIRONMENT
                  value: qa
                - name: RUNTIME_ENVIRONMENT
                  value: kubernetes
              envFrom:
                - secretRef:
                    name: example-app-app
              image: registry.gitlab.com/test:auto-replaced
              imagePullPolicy: IfNotPresent
              livenessProbe:
                httpGet:
                  path: /healthz
                  port: http
                  scheme: HTTP
                initialDelaySeconds: 0
                periodSeconds: 10
                timeoutSeconds: 1
              name: main
              ports:
                - containerPort: 8000
                  name: http
              readinessProbe:
                httpGet:
                  path: /readiness
                  port: http
                  scheme: HTTP
                initialDelaySeconds: 0
                periodSeconds: 10
                timeoutSeconds: 1
              resources:
                limits: {}
                requests: {}
              startupProbe:
                failureThreshold: 60
                httpGet:
                  path: /healthz
                  port: http
                  scheme: HTTP
                periodSeconds: 5
          imagePullSecrets:
            - name: image-pull-gitlab
            - name: image-pull-docker-hub
          securityContext:
            runAsUser: 1000
          serviceAccountName: example-app
          terminationGracePeriodSeconds: 30
          topologySpreadConstraints:
            - labelSelector:
                matchLabels:
                  app.kubernetes.io/component: app
                  app.kubernetes.io/name: example-app
              maxSkew: 1
              topologyKey: topology.kubernetes.io/zone
              whenUnsatisfiable: DoNotSchedule
          volumes: null
adds the env var injection annotation to the Deployment:
  1: |
    apiVersion: opentelemetry.io/v1alpha1
    kind: Instrumentation
    metadata:
      annotations:
        argocd.argoproj.io/sync-options: SkipDryRunOnMissingResource=true
        argocd.argoproj.io/sync-wave: "-20"
      labels:
        app.kubernetes.io/component: app
        app.kubernetes.io/managed-by: Helm
        app.kubernetes.io/name: example-app
        app.mintel.com/env: qa
        app.mintel.com/region: ${CLUSTER_REGION}
        name: example-app
      name: example-app
      namespace: test-namespace
    spec:
      exporter:
        endpoint: http://grafana-agent.monitoring.svc.cluster.local:4317
      resource:
        resourceAttributes:
          cloud.platform: aws_eks
          cloud.provider: aws
          deployment.environment: qa
          service.name: example-app
          service.namespace: test-namespace
      sampler:
        type: parentbased_always_on
  2: |
    apiVersion: apps/v1
    kind: Deployment
    metadata:
      annotations:
        helm.sh/chart: standard-application-stack-3.61.3
        secret.reloader.stakater.com/reload: example-app-app
      labels:
        app.kubernetes.io/component: app
        app.kubernetes.io/managed-by: Helm
        app.kubernetes.io/name: example-app
        app.mintel.com/env: qa
        app.mintel.com/region: ${CLUSTER_REGION}
        name: example-app
      name: example-app
      namespace: test-namespace
    spec:
      minReadySeconds: 10
      replicas: 2
      selector:
        matchLabels:
          app.kubernetes.io/component: app
          app.kubernetes.io/name: example-app
      strategy:
        rollingUpdate:
          maxSurge: 15%
          maxUnavailable: 10%
        type: RollingUpdate
      template:
        metadata:
          annotations:
            instrumentation.opentelemetry.io/inject-sdk: test-namespace/example-app
          labels:
            app.kubernetes.io/component: app
            app.kubernetes.io/managed-by: Helm
            app.kubernetes.io/name: example-app
            app.mintel.com/env: qa
            app.mintel.com/region: ${CLUSTER_REGION}
            name: example-app
        spec:
          containers:
            - command:
                - /app/docker-entrypoint.sh
              env:
                - name: KUBERNETES_POD_NAMESPACE
                  valueFrom:
                    fieldRef:
                      fieldPath: metadata.namespace
                - name: APP_ENVIRONMENT
                  value: qa
                - name: RUNTIME_ENVIRONMENT
                  value: kubernetes
              envFrom:
                - secretRef:
                    name: example-app-app
              image: registry.gitlab.com/test:auto-replaced
              imagePullPolicy: IfNotPresent
              livenessProbe:
                httpGet:
                  path: /healthz
                  port: http
                  scheme: HTTP
                initialDelaySeconds: 0
                periodSeconds: 10
                timeoutSeconds: 1
              name: main
              ports:
                - containerPort: 8000
                  name: http
              readinessProbe:
                httpGet:
                  path: /readiness
                  port: http
                  scheme: HTTP
                initialDelaySeconds: 0
                periodSeconds: 10
                timeoutSeconds: 1
              resources:
                limits: {}
                requests: {}
              startupProbe:
                failureThreshold: 60
                httpGet:
                  path: /healthz
                  port: http
                  scheme: HTTP
                periodSeconds: 5
          imagePullSecrets:
            - name: image-pull-gitlab
            - name: image-pull-docker-hub
          securityContext:
            runAsUser: 1000
          serviceAccountName: example-app
          terminationGracePeriodSeconds: 30
          topologySpreadConstraints:
            - labelSelector:
                matchLabels:
                  app.kubernetes.io/component: app
                  app.kubernetes.io/name: example-app
              maxSkew: 1
              topologyKey: topology.kubernetes.io/zone
              whenUnsatisfiable: DoNotSchedule
          volumes: null
creates an Instrumentation:
  1: |
    apiVersion: opentelemetry.io/v1alpha1
    kind: Instrumentation
    metadata:
      annotations:
        argocd.argoproj.io/sync-options: SkipDryRunOnMissingResource=true
        argocd.argoproj.io/sync-wave: "-20"
      labels:
        app.kubernetes.io/component: app
        app.kubernetes.io/managed-by: Helm
        app.kubernetes.io/name: example-app
        app.mintel.com/env: qa
        app.mintel.com/region: ${CLUSTER_REGION}
        name: example-app
      name: example-app
      namespace: test-namespace
    spec:
      env:
        - name: OTEL_ENV_VAR
          value: mock-env-var-value
      exporter:
        endpoint: mock-endpoint
      propagators:
        - mock-propagators
      resource:
        addK8sUIDAttributes: true
        resourceAttributes:
          cloud.account.id: mock-account-id
          cloud.platform: aws_eks
          cloud.provider: aws
          cloud.region: mock-aws-region
          deployment.environment: qa
          k8s.cluster.name: mock-cluster-name
          mock-resource-key: mock-resource-value
          service.name: example-app
          service.namespace: test-namespace
      sampler:
        type: parentbased_always_on
sets the container names annotation:
  1: |
    apiVersion: apps/v1
    kind: Deployment
    metadata:
      annotations:
        helm.sh/chart: standard-application-stack-3.61.3
        secret.reloader.stakater.com/reload: example-app-app
      labels:
        app.kubernetes.io/component: app
        app.kubernetes.io/managed-by: Helm
        app.kubernetes.io/name: example-app
        app.mintel.com/env: qa
        app.mintel.com/region: ${CLUSTER_REGION}
        name: example-app
      name: example-app
      namespace: test-namespace
    spec:
      minReadySeconds: 10
      replicas: 2
      selector:
        matchLabels:
          app.kubernetes.io/component: app
          app.kubernetes.io/name: example-app
      strategy:
        rollingUpdate:
          maxSurge: 15%
          maxUnavailable: 10%
        type: RollingUpdate
      template:
        metadata:
          annotations:
            instrumentation.opentelemetry.io/container-names: bar,foo
            instrumentation.opentelemetry.io/inject-sdk: test-namespace/example-app
          labels:
            app.kubernetes.io/component: app
            app.kubernetes.io/managed-by: Helm
            app.kubernetes.io/name: example-app
            app.mintel.com/env: qa
            app.mintel.com/region: ${CLUSTER_REGION}
            name: example-app
        spec:
          containers:
            - command:
                - /app/docker-entrypoint.sh
              env:
                - name: KUBERNETES_POD_NAMESPACE
                  valueFrom:
                    fieldRef:
                      fieldPath: metadata.namespace
                - name: APP_ENVIRONMENT
                  value: qa
                - name: RUNTIME_ENVIRONMENT
                  value: kubernetes
              envFrom:
                - secretRef:
                    name: example-app-app
              image: registry.gitlab.com/test:auto-replaced
              imagePullPolicy: IfNotPresent
              livenessProbe:
                httpGet:
                  path: /healthz
                  port: http
                  scheme: HTTP
                initialDelaySeconds: 0
                periodSeconds: 10
                timeoutSeconds: 1
              name: main
              ports:
                - containerPort: 8000
                  name: http
              readinessProbe:
                httpGet:
                  path: /readiness
                  port: http
                  scheme: HTTP
                initialDelaySeconds: 0
                periodSeconds: 10
                timeoutSeconds: 1
              resources:
                limits: {}
                requests: {}
              startupProbe:
                failureThreshold: 60
                httpGet:
                  path: /healthz
                  port: http
                  scheme: HTTP
                periodSeconds: 5
          imagePullSecrets:
            - name: image-pull-gitlab
            - name: image-pull-docker-hub
          securityContext:
            runAsUser: 1000
          serviceAccountName: example-app
          terminationGracePeriodSeconds: 30
          topologySpreadConstraints:
            - labelSelector:
                matchLabels:
                  app.kubernetes.io/component: app
                  app.kubernetes.io/name: example-app
              maxSkew: 1
              topologyKey: topology.kubernetes.io/zone
              whenUnsatisfiable: DoNotSchedule
          volumes: null
