Check all .job.* values can be set correctly, without overriding from main deployment:
  1: |
    apiVersion: batch/v1
    kind: Job
    metadata:
      annotations:
        argocd.argoproj.io/hook: PreSync
        argocd.argoproj.io/hook-delete-policy: HookSucceeded
        argocd.argoproj.io/sync-wave: "-1"
        helm.sh/chart: standard-application-stack-3.61.3
      labels:
        app.kubernetes.io/component: testName
        app.kubernetes.io/managed-by: Helm
        app.kubernetes.io/name: test-app-testName
        app.mintel.com/env: qa
        app.mintel.com/region: ${CLUSTER_REGION}
        name: test-app-testName
      name: test-app-testName
      namespace: test-namespace
    spec:
      template:
        spec:
          containers:
            - args:
                - Hello, world.
              command:
                - echo
              env:
                - name: KUBERNETES_POD_NAMESPACE
                  valueFrom:
                    fieldRef:
                      fieldPath: metadata.namespace
                - name: APP_ENVIRONMENT
                  value: qa
                - name: RUNTIME_ENVIRONMENT
                  value: kubernetes
                - name: TEST_VAR
                  value: testVal
              envFrom:
                - secretRef:
                    name: test-secret
              image: registry.example.com/another/image/repo:anotherTag
              imagePullPolicy: IfNotPresent
              name: main
              resources:
                limits:
                  cpu: 1000m
                  memory: 2Gi
                requests:
                  cpu: 1000m
                  memory: 2Gi
          imagePullSecrets:
            - name: image-pull-gitlab
            - name: image-pull-docker-hub
          initContainers:
            - image: someimage
              name: test-container
          restartPolicy: OnFailure
          securityContext:
            runAsUser: 1001
          serviceAccountName: test-app
Check all overrides/additions from main deployment work if enabled:
  1: |
    apiVersion: batch/v1
    kind: Job
    metadata:
      annotations:
        helm.sh/chart: standard-application-stack-3.61.3
      labels:
        app.kubernetes.io/component: testName
        app.kubernetes.io/managed-by: Helm
        app.kubernetes.io/name: test-app-testName
        app.mintel.com/env: qa
        app.mintel.com/region: ${CLUSTER_REGION}
        name: test-app-testName
      name: test-app-testName
      namespace: test-namespace
    spec:
      template:
        spec:
          containers:
            - env:
                - name: KUBERNETES_POD_NAMESPACE
                  valueFrom:
                    fieldRef:
                      fieldPath: metadata.namespace
                - name: APP_ENVIRONMENT
                  value: qa
                - name: RUNTIME_ENVIRONMENT
                  value: kubernetes
                - name: TEST_VAR_1
                  value: foo
                - name: TEST_VAR_2
                  value: bar
                - name: TEST_VAR_3
                  value: baz
              envFrom:
                - secretRef:
                    name: test-app-app
                - secretRef:
                    name: another-secret-ref
              image: registry.example.com/test/image/repo:someTag
              imagePullPolicy: IfNotPresent
              name: main
              resources:
                limits:
                  cpu: 1000m
                  memory: 2Gi
                requests:
                  cpu: 1000m
                  memory: 2Gi
          imagePullSecrets:
            - name: image-pull-gitlab
            - name: image-pull-docker-hub
          restartPolicy: Never
          securityContext:
            runAsUser: 1000
          serviceAccountName: test-app
Check default values are correct with minimal configuration:
  1: |
    apiVersion: batch/v1
    kind: Job
    metadata:
      annotations:
        helm.sh/chart: standard-application-stack-3.61.3
      labels:
        app.kubernetes.io/component: testName
        app.kubernetes.io/managed-by: Helm
        app.kubernetes.io/name: test-app-testName
        app.mintel.com/env: qa
        app.mintel.com/region: ${CLUSTER_REGION}
        name: test-app-testName
      name: test-app-testName
      namespace: test-namespace
    spec:
      template:
        spec:
          containers:
            - env:
                - name: KUBERNETES_POD_NAMESPACE
                  valueFrom:
                    fieldRef:
                      fieldPath: metadata.namespace
                - name: APP_ENVIRONMENT
                  value: qa
                - name: RUNTIME_ENVIRONMENT
                  value: kubernetes
              envFrom: null
              image: registry.example.com/test/image/repo:auto-replaced
              imagePullPolicy: IfNotPresent
              name: main
              resources:
                limits:
                  cpu: 1000m
                  memory: 2Gi
                requests:
                  cpu: 1000m
                  memory: 2Gi
          imagePullSecrets:
            - name: image-pull-gitlab
            - name: image-pull-docker-hub
          restartPolicy: Never
          serviceAccountName: test-app
