Creates a PDB when autoscaling is disabled and autoscaling.minReplicaCount is set:
  1: |
    apiVersion: policy/v1
    kind: PodDisruptionBudget
    metadata:
      annotations:
        app.mintel.com/placeholder: placeholder
      labels:
        app.kubernetes.io/component: app
        app.kubernetes.io/managed-by: Helm
        app.kubernetes.io/name: example-app
        app.mintel.com/application: example-app
        app.mintel.com/env: qa
        app.mintel.com/region: ${CLUSTER_REGION}
        name: example-app
      name: example-app
      namespace: test-namespace
    spec:
      minAvailable: 50%
      selector:
        matchLabels:
          app.kubernetes.io/component: app
          app.kubernetes.io/name: example-app
Creates a PDB when replicas > 1:
  1: |
    apiVersion: policy/v1
    kind: PodDisruptionBudget
    metadata:
      annotations:
        app.mintel.com/placeholder: placeholder
      labels:
        app.kubernetes.io/component: app
        app.kubernetes.io/managed-by: Helm
        app.kubernetes.io/name: example-app
        app.mintel.com/application: example-app
        app.mintel.com/env: qa
        app.mintel.com/region: ${CLUSTER_REGION}
        name: example-app
      name: example-app
      namespace: test-namespace
    spec:
      minAvailable: 50%
      selector:
        matchLabels:
          app.kubernetes.io/component: app
          app.kubernetes.io/name: example-app
