Check S3 Secret Store Override:
  1: |
    apiVersion: external-secrets.io/v1beta1
    kind: ExternalSecret
    metadata:
      annotations:
        argocd.argoproj.io/sync-options: SkipDryRunOnMissingResource=true
      labels:
        app.kubernetes.io/component: app
        app.kubernetes.io/managed-by: Helm
        app.kubernetes.io/name: test-app
        app.mintel.com/env: qa
        app.mintel.com/region: ${CLUSTER_REGION}
        name: test-app
      name: test-app-s3
      namespace: test-namespace
    spec:
      data:
      - remoteRef:
          key: test-namespace/test-app/s3
          property: BUCKET_NAME
        secretKey: BUCKET_NAME
      refreshInterval: 5m0s
      secretStoreRef:
        kind: SecretStore
        name: some-other-secret-store
      target:
        creationPolicy: Owner
Check S3 Secret is present for local environment:
  1: |
    apiVersion: v1
    data:
      BUCKET_NAME: dGVzdC1hcHAtczM=
    kind: Secret
    metadata:
      annotations: null
      labels:
        app.kubernetes.io/component: app
        app.kubernetes.io/managed-by: Helm
        app.kubernetes.io/name: test-app
        app.mintel.com/env: local
        app.mintel.com/region: local
        name: test-app
      name: test-app-s3
      namespace: test-namespace
    type: Opaque
Check S3 refresh interval override:
  1: |
    apiVersion: external-secrets.io/v1beta1
    kind: ExternalSecret
    metadata:
      annotations:
        argocd.argoproj.io/sync-options: SkipDryRunOnMissingResource=true
      labels:
        app.kubernetes.io/component: app
        app.kubernetes.io/managed-by: Helm
        app.kubernetes.io/name: test-app
        app.mintel.com/env: qa
        app.mintel.com/region: ${CLUSTER_REGION}
        name: test-app
      name: test-app-s3
      namespace: test-namespace
    spec:
      data:
      - remoteRef:
          key: test-namespace/test-app/s3
          property: BUCKET_NAME
        secretKey: BUCKET_NAME
      refreshInterval: 10m5s
      secretStoreRef:
        kind: SecretStore
        name: aws-secrets-manager-default
      target:
        creationPolicy: Owner
Check S3 remoteRef key is present:
  1: |
    apiVersion: external-secrets.io/v1beta1
    kind: ExternalSecret
    metadata:
      annotations:
        argocd.argoproj.io/sync-options: SkipDryRunOnMissingResource=true
      labels:
        app.kubernetes.io/component: app
        app.kubernetes.io/managed-by: Helm
        app.kubernetes.io/name: test-app
        app.mintel.com/env: qa
        app.mintel.com/region: ${CLUSTER_REGION}
        name: test-app
      name: test-app-s3
      namespace: test-namespace
    spec:
      data:
      - remoteRef:
          key: test-namespace/test-app/s3
          property: BUCKET_NAME
        secretKey: BUCKET_NAME
      refreshInterval: 5m0s
      secretStoreRef:
        kind: SecretStore
        name: aws-secrets-manager-default
      target:
        creationPolicy: Owner
Check S3 secretPath override:
  1: |
    apiVersion: external-secrets.io/v1beta1
    kind: ExternalSecret
    metadata:
      annotations:
        argocd.argoproj.io/sync-options: SkipDryRunOnMissingResource=true
      labels:
        app.kubernetes.io/component: app
        app.kubernetes.io/managed-by: Helm
        app.kubernetes.io/name: test-app
        app.mintel.com/env: qa
        app.mintel.com/region: ${CLUSTER_REGION}
        name: test-app
      name: test-app-s3
      namespace: test-namespace
    spec:
      data:
      - remoteRef:
          key: overridePath
          property: BUCKET_NAME
        secretKey: BUCKET_NAME
      refreshInterval: 5m0s
      secretStoreRef:
        kind: SecretStore
        name: aws-secrets-manager-default
      target:
        creationPolicy: Owner
