ensures ArgoCD annotations are populated:
  1: |
    apiVersion: external-secrets.io/v1beta1
    kind: ExternalSecret
    metadata:
      annotations:
        argocd.argoproj.io/hook: PreSync
        argocd.argoproj.io/hook-delete-policy: HookSucceeded
        argocd.argoproj.io/sync-options: SkipDryRunOnMissingResource=true
        argocd.argoproj.io/sync-wave: "-1"
      labels:
        app.kubernetes.io/component: app
        app.kubernetes.io/managed-by: Helm
        app.kubernetes.io/name: example-app
        app.mintel.com/env: test
        app.mintel.com/region: ${CLUSTER_REGION}
        name: example-app
      name: example-app-app
      namespace: test-namespace
    spec:
      dataFrom:
        - extract:
            key: test-namespace/example-app/app
      refreshInterval: 5m0s
      secretStoreRef:
        kind: SecretStore
        name: aws-secrets-manager-default
      target:
        creationPolicy: Owner
