Extra secrets with output secret map:
  1: |
    apiVersion: external-secrets.io/v1beta1
    kind: ExternalSecret
    metadata:
      annotations:
        app.mintel.com/placeholder: placeholder
        argocd.argoproj.io/sync-options: SkipDryRunOnMissingResource=true
      labels:
        app.kubernetes.io/component: extra-secret
        app.kubernetes.io/managed-by: Helm
        app.kubernetes.io/name: example-app-extra-secret
        app.mintel.com/application: example-app
        app.mintel.com/component: example-app
        app.mintel.com/env: test
        app.mintel.com/region: ${CLUSTER_REGION}
        backstage.io/component: example-app
        name: example-app-extra-secret
      name: example-app-extra-secret
      namespace: test-namespace
    spec:
      data:
        - remoteRef:
            key: test-namespace/example-app/extra-secret
            property: BUCKET_ID
          secretKey: TEST_BUCKET_ID
      refreshInterval: 5m0s
      secretStoreRef:
        kind: SecretStore
        name: aws-secrets-manager-default
      target:
        creationPolicy: Owner
ensures ArgoCD annotations are populated:
  1: |
    apiVersion: external-secrets.io/v1beta1
    kind: ExternalSecret
    metadata:
      annotations:
        app.mintel.com/placeholder: placeholder
        argocd.argoproj.io/hook: PreSync
        argocd.argoproj.io/hook-delete-policy: HookSucceeded
        argocd.argoproj.io/sync-options: SkipDryRunOnMissingResource=true
        argocd.argoproj.io/sync-wave: "-1"
      labels:
        app.kubernetes.io/component: app
        app.kubernetes.io/managed-by: Helm
        app.kubernetes.io/name: example-app
        app.mintel.com/application: example-app
        app.mintel.com/component: example-app
        app.mintel.com/env: test
        app.mintel.com/region: ${CLUSTER_REGION}
        backstage.io/component: example-app
        name: example-app
      name: example-app-app
      namespace: test-namespace
    spec:
      dataFrom:
        - extract:
            key: test-namespace/example-app/app
      refreshInterval: 5m0s
      secretStoreRef:
        kind: SecretStore
        name: aws-secrets-manager-default
      target:
        creationPolicy: Owner
