Check ALB annotation can be set when enabled:
  1: |
    apiVersion: v1
    kind: Service
    metadata:
      annotations:
        alb.ingress.kubernetes.io/tags: Owner=my-team
        app.mintel.com/placeholder: placeholder
      labels:
        app.kubernetes.io/component: app
        app.kubernetes.io/managed-by: Helm
        app.kubernetes.io/name: test-app
        app.mintel.com/application: test-app
        app.mintel.com/component: test-app
        app.mintel.com/env: qa
        app.mintel.com/owner: my-team
        app.mintel.com/region: ${CLUSTER_REGION}
        name: test-app
      name: test-app
      namespace: test-namespace
    spec:
      ports:
        - name: main-http
          port: 8000
          targetPort: 8000
      selector:
        app.kubernetes.io/component: app
        app.kubernetes.io/name: test-app
      type: ClusterIP
Check ALB annotation not set when ALB Ingress is disabled:
  1: |
    apiVersion: v1
    kind: Service
    metadata:
      annotations:
        app.mintel.com/placeholder: placeholder
        k: v
      labels:
        app.kubernetes.io/component: app
        app.kubernetes.io/managed-by: Helm
        app.kubernetes.io/name: test-app
        app.mintel.com/application: test-app
        app.mintel.com/component: test-app
        app.mintel.com/env: local
        app.mintel.com/owner: my-team
        app.mintel.com/region: local
        name: test-app
      name: test-app
      namespace: test-namespace
    spec:
      ports:
        - name: main-http
          port: 8000
          targetPort: 8000
      selector:
        app.kubernetes.io/component: app
        app.kubernetes.io/name: test-app
      type: ClusterIP
Check ALB annotation not set when when Owner missing:
  1: |
    apiVersion: v1
    kind: Service
    metadata:
      annotations:
        app.mintel.com/placeholder: placeholder
        k: v
      labels:
        app.kubernetes.io/component: app
        app.kubernetes.io/managed-by: Helm
        app.kubernetes.io/name: test-app
        app.mintel.com/application: test-app
        app.mintel.com/component: test-app
        app.mintel.com/env: local
        app.mintel.com/region: local
        name: test-app
      name: test-app
      namespace: test-namespace
    spec:
      ports:
        - name: main-http
          port: 8000
          targetPort: 8000
      selector:
        app.kubernetes.io/component: app
        app.kubernetes.io/name: test-app
      type: ClusterIP
Check default port set:
  1: |
    apiVersion: v1
    kind: Service
    metadata:
      annotations:
        app.mintel.com/placeholder: placeholder
      labels:
        app.kubernetes.io/component: exporter
        app.kubernetes.io/managed-by: Helm
        app.kubernetes.io/name: test-app
        app.mintel.com/application: test-app
        app.mintel.com/component: test-app
        app.mintel.com/env: local
        app.mintel.com/region: local
        name: test-app
      name: test-app
      namespace: test-namespace
    spec:
      ports:
        - name: main-http
          port: 8000
          targetPort: 8000
      selector:
        app.kubernetes.io/component: exporter
        app.kubernetes.io/name: test-app
      type: ClusterIP
Check extraPorts:
  1: |
    apiVersion: v1
    kind: Service
    metadata:
      annotations:
        app.mintel.com/placeholder: placeholder
      labels:
        app.kubernetes.io/component: exporter
        app.kubernetes.io/managed-by: Helm
        app.kubernetes.io/name: test-app
        app.mintel.com/application: test-app
        app.mintel.com/component: test-app
        app.mintel.com/env: local
        app.mintel.com/region: local
        name: test-app
      name: test-app
      namespace: test-namespace
    spec:
      ports:
        - name: main-http
          port: 8000
          targetPort: 8000
        - name: main-p1
          port: 8081
          targetPort: 8081
        - name: main-p2
          port: 8082
          targetPort: 8082
        - name: custom-p3
          port: 8083
          targetPort: 8083
        - name: main-p4
          port: 8084
          targetPort: 8084
      selector:
        app.kubernetes.io/component: exporter
        app.kubernetes.io/name: test-app
      type: ClusterIP
Check name, namespace and labels:
  1: |
    apiVersion: v1
    kind: Service
    metadata:
      annotations:
        app.mintel.com/placeholder: placeholder
      labels:
        app.kubernetes.io/component: exporter
        app.kubernetes.io/managed-by: Helm
        app.kubernetes.io/name: test-app
        app.mintel.com/application: test-app
        app.mintel.com/component: test-app
        app.mintel.com/env: local
        app.mintel.com/region: local
        name: test-app
      name: test-app
      namespace: test-namespace
    spec:
      ports:
        - name: main-http
          port: 8000
          targetPort: 8000
      selector:
        app.kubernetes.io/component: exporter
        app.kubernetes.io/name: test-app
      type: ClusterIP
Check port and targetPort can be set from Service:
  1: |
    apiVersion: v1
    kind: Service
    metadata:
      annotations:
        app.mintel.com/placeholder: placeholder
      labels:
        app.kubernetes.io/component: exporter
        app.kubernetes.io/managed-by: Helm
        app.kubernetes.io/name: test-app
        app.mintel.com/application: test-app
        app.mintel.com/component: test-app
        app.mintel.com/env: local
        app.mintel.com/region: local
        name: test-app
      name: test-app
      namespace: test-namespace
    spec:
      ports:
        - name: main-http
          port: 22
          targetPort: 2222
      selector:
        app.kubernetes.io/component: exporter
        app.kubernetes.io/name: test-app
      type: ClusterIP
Check port can be overridden:
  1: |
    apiVersion: v1
    kind: Service
    metadata:
      annotations:
        app.mintel.com/placeholder: placeholder
      labels:
        app.kubernetes.io/component: exporter
        app.kubernetes.io/managed-by: Helm
        app.kubernetes.io/name: test-app
        app.mintel.com/application: test-app
        app.mintel.com/component: test-app
        app.mintel.com/env: local
        app.mintel.com/region: local
        name: test-app
      name: test-app
      namespace: test-namespace
    spec:
      ports:
        - name: main-http
          port: 1234
          targetPort: 1234
      selector:
        app.kubernetes.io/component: exporter
        app.kubernetes.io/name: test-app
      type: ClusterIP
