Creates a VerticalPodAutoscaler for a Deployment:
  1: |
    apiVersion: autoscaling.k8s.io/v1
    kind: VerticalPodAutoscaler
    metadata:
      annotations:
        app.mintel.com/placeholder: placeholder
      labels:
        app.kubernetes.io/component: app
        app.kubernetes.io/managed-by: Helm
        app.kubernetes.io/name: example-app
        app.mintel.com/env: qa
        app.mintel.com/region: ${CLUSTER_REGION}
        name: example-app
      name: deployment-example-app
      namespace: test-namespace
    spec:
      targetRef:
        apiVersion: apps/v1
        kind: Deployment
        name: example-app
      updatePolicy:
        updateMode: "Off"
Creates a VerticalPodAutoscaler for a StatefulSet:
  1: |
    apiVersion: autoscaling.k8s.io/v1
    kind: VerticalPodAutoscaler
    metadata:
      annotations:
        app.mintel.com/placeholder: placeholder
      labels:
        app.kubernetes.io/component: app
        app.kubernetes.io/managed-by: Helm
        app.kubernetes.io/name: example-app
        app.mintel.com/env: qa
        app.mintel.com/region: ${CLUSTER_REGION}
        name: example-app
      name: statefulset-example-app
      namespace: test-namespace
    spec:
      targetRef:
        apiVersion: apps/v1
        kind: StatefulSet
        name: example-app
      updatePolicy:
        updateMode: "Off"
Only creates VerticalPodAutoscaler for CronJobs if cronjobsOnly is true:
  1: |
    apiVersion: autoscaling.k8s.io/v1
    kind: VerticalPodAutoscaler
    metadata:
      annotations:
        app.mintel.com/placeholder: placeholder
      labels:
        app.kubernetes.io/component: daily
        app.kubernetes.io/managed-by: Helm
        app.kubernetes.io/name: example-app-daily
        app.mintel.com/env: qa
        app.mintel.com/region: ${CLUSTER_REGION}
        name: example-app-daily
      name: cronjob-example-app-daily
      namespace: test-namespace
    spec:
      targetRef:
        apiVersion: batch/v1
        kind: CronJob
        name: example-app-daily
      updatePolicy:
        updateMode: "Off"
